Warning: Shuffle Join JOIN[21][tables = [$hdt$_0, $hdt$_1, $hdt$_2]] in Stage 'Stage-2:MAPRED' is a cross product
PREHOOK: query: select count(*) 
from src 
where src.key in (select key from src s1 where s1.key > '9') or src.value is not null or exists(select key from src)
PREHOOK: type: QUERY
PREHOOK: Input: default@src
#### A masked pattern was here ####
POSTHOOK: query: select count(*) 
from src 
where src.key in (select key from src s1 where s1.key > '9') or src.value is not null or exists(select key from src)
POSTHOOK: type: QUERY
POSTHOOK: Input: default@src
#### A masked pattern was here ####
500
